2026-09-27 14:20:47,143 INFO === COLETA SUPLEMENTAR: inicio ===
2026-09-27 14:20:47,143 INFO areas=['eletrica_predial', 'iluminacao_publica', 'manutencao_predial', 'refrigeracao']
2026-09-27 14:20:47,143 INFO === FASE A: busca (termos suplementares, GO) ===
2026-09-27 14:20:47,989 WARNING falha de rede (ProxyError) em https://pncp.gov.br/api/search/; tentativa 1/6, esperando 2s
2026-09-27 14:20:50,420 WARNING falha de rede (ProxyError) em https://pncp.gov.br/api/search/; tentativa 2/6, esperando 4s
2026-09-27 14:21:14,359 INFO === COLETA SUPLEMENTAR: inicio ===
2026-09-27 14:21:14,359 INFO areas=['eletrica_predial', 'iluminacao_publica', 'manutencao_predial', 'refrigeracao']
2026-09-27 14:21:14,359 INFO === FASE A: busca (termos suplementares, GO) ===
2026-09-27 14:21:16,530 INFO busca area=eletrica_predial termo='manutenção preventiva e corretiva instalações elétricas' pagina=1 itens=100 ultima_data=2026-03-16T18:45:34.311559
2026-09-27 14:21:17,231 INFO busca area=eletrica_predial termo='manutenção preventiva e corretiva instalações elétricas' pagina=2 itens=100 ultima_data=2025-06-11T10:03:44.175372
2026-09-27 14:21:17,982 INFO busca area=eletrica_predial termo='manutenção preventiva e corretiva instalações elétricas' pagina=3 itens=50 ultima_data=2021-10-15T07:00:44.906629
2026-09-27 14:21:19,130 INFO busca area=eletrica_predial termo='prestação de serviços manutenção elétrica' pagina=1 itens=100 ultima_data=2026-08-14T09:41:21.346753
2026-09-27 14:21:19,686 WARNING falha de rede (ProxyError) em https://pncp.gov.br/api/search/; tentativa 1/6, esperando 2s
2026-09-27 14:21:22,193 WARNING falha de rede (ProxyError) em https://pncp.gov.br/api/search/; tentativa 2/6, esperando 4s
2026-09-27 14:21:28,002 INFO busca area=eletrica_predial termo='prestação de serviços manutenção elétrica' pagina=2 itens=100 ultima_data=2026-07-12T10:35:55.839111
2026-09-27 14:21:28,851 INFO busca area=eletrica_predial termo='prestação de serviços manutenção elétrica' pagina=3 itens=100 ultima_data=2026-06-01T10:16:26.246481
2026-09-27 14:21:29,657 INFO busca area=eletrica_predial termo='prestação de serviços manutenção elétrica' pagina=4 itens=100 ultima_data=2026-03-19T17:17:46.976802
2026-09-27 14:21:30,162 WARNING falha de rede (ProxyError) em https://pncp.gov.br/api/search/; tentativa 1/6, esperando 2s
2026-09-27 14:21:32,664 WARNING falha de rede (ProxyError) em https://pncp.gov.br/api/search/; tentativa 2/6, esperando 4s
2026-09-27 14:21:38,061 INFO busca area=eletrica_predial termo='prestação de serviços manutenção elétrica' pagina=5 itens=100 ultima_data=2026-03-26T16:06:29.143965
2026-09-27 14:21:38,329 INFO busca area=eletrica_predial termo='manutenção do sistema de proteção contra descargas atmosféricas' pagina=1 itens=13 ultima_data=2024-02-15T08:59:14.253999
2026-09-27 14:21:39,746 INFO busca area=eletrica_predial termo='SPDA laudo' pagina=1 itens=21 ultima_data=2022-01-25T17:10:42.385133
2026-09-27 14:21:40,435 INFO busca area=eletrica_predial termo='SPDA instalação' pagina=1 itens=46 ultima_data=2023-08-10T14:28:44.839668
2026-09-27 14:21:41,218 WARNING falha de rede (ProxyError) em https://pncp.gov.br/api/search/; tentativa 1/6, esperando 2s
2026-09-27 14:21:44,831 INFO busca area=eletrica_predial termo='aterramento manutenção' pagina=1 itens=100 ultima_data=2026-04-15T16:05:13.966050
2026-09-27 14:21:45,984 INFO busca area=eletrica_predial termo='aterramento manutenção' pagina=2 itens=100 ultima_data=2025-08-05T07:11:50.970605
2026-09-27 14:21:47,072 INFO busca area=eletrica_predial termo='aterramento manutenção' pagina=3 itens=73 ultima_data=2022-08-04T13:41:19.646662
2026-09-27 14:21:47,389 INFO busca area=eletrica_predial termo='manutenção de subestação' pagina=1 itens=24 ultima_data=2023-05-19T12:59:17.710126
2026-09-27 14:21:48,282 INFO busca area=eletrica_predial termo='manutenção preventiva subestação' pagina=1 itens=8 ultima_data=2023-05-19T12:59:17.710126
2026-09-27 14:21:49,286 INFO busca area=eletrica_predial termo='termografia' pagina=1 itens=15 ultima_data=2023-12-04T07:09:21.229941
2026-09-27 14:21:50,226 WARNING falha de rede (ProxyError) em https://pncp.gov.br/api/search/; tentativa 1/6, esperando 2s
2026-09-27 14:21:52,997 INFO busca area=eletrica_predial termo='laudo elétrico NR-10' pagina=1 itens=12 ultima_data=2025-08-14T15:07:49.254842
2026-09-27 14:21:53,385 WARNING falha de rede (ProxyError) em https://pncp.gov.br/api/search/; tentativa 1/6, esperando 2s
2026-09-27 14:21:56,580 INFO busca area=eletrica_predial termo='adequação elétrica' pagina=1 itens=100 ultima_data=2026-08-11T14:30:34.789598
2026-09-27 14:21:56,740 WARNING falha de rede (ProxyError) em https://pncp.gov.br/api/search/; tentativa 1/6, esperando 2s
2026-09-27 14:21:59,909 INFO busca area=eletrica_predial termo='adequação elétrica' pagina=2 itens=100 ultima_data=2026-06-29T10:58:56.445477
2026-09-27 14:22:00,064 WARNING falha de rede (ProxyError) em https://pncp.gov.br/api/search/; tentativa 1/6, esperando 2s
2026-09-27 14:22:02,763 WARNING falha de rede (ProxyError) em https://pncp.gov.br/api/search/; tentativa 2/6, esperando 4s
2026-09-27 14:22:08,278 INFO busca area=eletrica_predial termo='adequação elétrica' pagina=3 itens=100 ultima_data=2026-04-08T14:23:45.184723
2026-09-27 14:22:09,013 INFO busca area=eletrica_predial termo='adequação elétrica' pagina=4 itens=100 ultima_data=2026-03-05T15:09:26.900246
2026-09-27 14:22:09,822 INFO busca area=eletrica_predial termo='adequação elétrica' pagina=5 itens=100 ultima_data=2026-02-26T15:18:23.514331
2026-09-27 14:22:10,912 INFO busca area=eletrica_predial termo='manutenção de quadros elétricos' pagina=1 itens=100 ultima_data=2026-05-27T10:24:49.466054
2026-09-27 14:22:11,438 WARNING falha de rede (ProxyError) em https://pncp.gov.br/api/search/; tentativa 1/6, esperando 2s
2026-09-27 14:22:14,591 INFO busca area=eletrica_predial termo='manutenção de quadros elétricos' pagina=2 itens=100 ultima_data=2026-01-23T11:35:01.219342
2026-09-27 14:22:14,747 WARNING falha de rede (ProxyError) em https://pncp.gov.br/api/search/; tentativa 1/6, esperando 2s
2026-09-27 14:22:18,143 INFO busca area=eletrica_predial termo='manutenção de quadros elétricos' pagina=3 itens=100 ultima_data=2025-08-28T15:54:26.555694
2026-09-27 14:22:18,864 INFO busca area=eletrica_predial termo='manutenção de quadros elétricos' pagina=4 itens=100 ultima_data=2025-02-06T18:45:56.374774
2026-09-27 14:22:19,722 INFO busca area=eletrica_predial termo='manutenção de quadros elétricos' pagina=5 itens=92 ultima_data=2021-10-15T07:00:44.906629
2026-09-27 14:22:20,789 INFO busca area=eletrica_predial termo='manutenção de grupo gerador' pagina=1 itens=100 ultima_data=2025-08-07T17:13:55.403064
2026-09-27 14:22:21,300 WARNING falha de rede (ProxyError) em https://pncp.gov.br/api/search/; tentativa 1/6, esperando 2s
2026-09-27 14:22:24,513 INFO busca area=eletrica_predial termo='manutenção de grupo gerador' pagina=2 itens=76 ultima_data=2023-02-23T13:09:32.054174
2026-09-27 14:22:24,668 WARNING falha de rede (ProxyError) em https://pncp.gov.br/api/search/; tentativa 1/6, esperando 2s
2026-09-27 14:22:27,871 INFO busca area=refrigeracao termo='manutenção câmara fria' pagina=1 itens=100 ultima_data=2026-03-30T15:08:46.009212
2026-09-27 14:22:28,026 WARNING falha de rede (ProxyError) em https://pncp.gov.br/api/search/; tentativa 1/6, esperando 2s
2026-09-27 14:22:31,336 INFO busca area=refrigeracao termo='manutenção câmara fria' pagina=2 itens=100 ultima_data=2025-07-03T13:39:45.588307
2026-09-27 14:22:31,491 WARNING falha de rede (ProxyError) em https://pncp.gov.br/api/search/; tentativa 1/6, esperando 2s
2026-09-27 14:22:34,372 INFO busca area=refrigeracao termo='manutenção câmara fria' pagina=3 itens=59 ultima_data=2022-12-22T12:55:58.512877
2026-09-27 14:22:34,648 WARNING falha de rede (ProxyError) em https://pncp.gov.br/api/search/; tentativa 1/6, esperando 2s
2026-09-27 14:22:37,393 INFO busca area=refrigeracao termo='manutenção de câmaras frigoríficas' pagina=1 itens=25 ultima_data=2022-12-01T18:21:44.823887
2026-09-27 14:22:37,802 WARNING falha de rede (ProxyError) em https://pncp.gov.br/api/search/; tentativa 1/6, esperando 2s
2026-09-27 14:22:41,088 INFO busca area=refrigeracao termo='manutenção de bebedouros' pagina=1 itens=100 ultima_data=2026-04-01T15:39:18.954655
2026-09-27 14:22:41,244 WARNING falha de rede (ProxyError) em https://pncp.gov.br/api/search/; tentativa 1/6, esperando 2s
2026-09-27 14:22:43,753 WARNING falha de rede (ProxyError) em https://pncp.gov.br/api/search/; tentativa 2/6, esperando 4s
2026-09-27 14:22:48,823 INFO busca area=refrigeracao termo='manutenção de bebedouros' pagina=2 itens=100 ultima_data=2025-10-23T07:46:43.382345
2026-09-27 14:22:48,979 WARNING falha de rede (ProxyError) em https://pncp.gov.br/api/search/; tentativa 1/6, esperando 2s
2026-09-27 14:22:52,460 INFO busca area=refrigeracao termo='manutenção de bebedouros' pagina=3 itens=100 ultima_data=2025-03-26T09:20:24.308692
2026-09-27 14:22:53,153 INFO busca area=refrigeracao termo='manutenção de bebedouros' pagina=4 itens=100 ultima_data=2024-04-04T16:56:01.224732
2026-09-27 14:22:54,245 INFO busca area=refrigeracao termo='manutenção de refrigeradores' pagina=1 itens=100 ultima_data=2026-06-19T15:28:19.434323350
2026-09-27 14:22:54,623 WARNING falha de rede (ProxyError) em https://pncp.gov.br/api/search/; tentativa 1/6, esperando 2s
2026-09-27 14:22:57,992 INFO busca area=refrigeracao termo='manutenção de refrigeradores' pagina=2 itens=100 ultima_data=2026-03-26T07:16:45.814637
2026-09-27 14:22:58,145 WARNING falha de rede (ProxyError) em https://pncp.gov.br/api/search/; tentativa 1/6, esperando 2s
2026-09-27 14:23:00,639 WARNING falha de rede (ProxyError) em https://pncp.gov.br/api/search/; tentativa 2/6, esperando 4s
2026-09-27 14:23:05,167 WARNING falha de rede (ProxyError) em https://pncp.gov.br/api/search/; tentativa 3/6, esperando 8s
2026-09-27 14:23:13,669 WARNING falha de rede (ProxyError) em https://pncp.gov.br/api/search/; tentativa 4/6, esperando 16s
2026-09-27 14:23:30,411 WARNING falha de rede (ProxyError) em https://pncp.gov.br/api/search/; tentativa 5/6, esperando 30s
2026-09-27 14:24:01,142 WARNING falha de rede (ProxyError) em https://pncp.gov.br/api/search/; tentativa 6/6, esperando 60s
2026-09-27 14:25:01,858 ERROR falha de rede definitiva em https://pncp.gov.br/api/search/: HTTPSConnectionPool(host='pncp.gov.br', port=443): Max retries exceeded with url: /api/search/?q=manuten%C3%A7%C3%A3o+de+refrigeradores&tipos_documento=edital&ordenacao=-data&pagina=3&tam_pagina=100&status=encerradas&ufs=GO (Caused by ProxyError('Unable to connect to proxy', RemoteDisconnected('Remote end closed connection without response')))
2026-09-27 14:25:01,858 WARNING busca sem resultado utilizavel: area=refrigeracao termo='manutenção de refrigeradores' pagina=3
2026-09-27 14:25:02,645 WARNING falha de rede (ProxyError) em https://pncp.gov.br/api/search/; tentativa 1/6, esperando 2s
2026-09-27 14:25:05,181 WARNING falha de rede (ProxyError) em https://pncp.gov.br/api/search/; tentativa 2/6, esperando 4s
2026-09-27 14:25:09,936 INFO busca area=refrigeracao termo='manutenção freezers' pagina=1 itens=27 ultima_data=2023-10-19T14:55:04.092286
2026-09-27 14:25:10,349 WARNING falha de rede (ProxyError) em https://pncp.gov.br/api/search/; tentativa 1/6, esperando 2s
2026-09-27 14:25:12,890 WARNING falha de rede (ProxyError) em https://pncp.gov.br/api/search/; tentativa 2/6, esperando 4s
2026-09-27 14:25:17,643 INFO busca area=refrigeracao termo='manutenção balcão refrigerado' pagina=1 itens=23 ultima_data=2024-11-28T07:12:41.925225
2026-09-27 14:25:18,061 WARNING falha de rede (ProxyError) em https://pncp.gov.br/api/search/; tentativa 1/6, esperando 2s
2026-09-27 14:25:20,568 WARNING falha de rede (ProxyError) em https://pncp.gov.br/api/search/; tentativa 2/6, esperando 4s
2026-09-27 14:25:25,548 INFO busca area=refrigeracao termo='manutenção de equipamentos de cozinha industrial refrigeração' pagina=1 itens=44 ultima_data=2025-03-19T09:37:16.441606
2026-09-27 14:25:25,735 WARNING falha de rede (ProxyError) em https://pncp.gov.br/api/search/; tentativa 1/6, esperando 2s
2026-09-27 14:25:28,242 WARNING falha de rede (ProxyError) em https://pncp.gov.br/api/search/; tentativa 2/6, esperando 4s
2026-09-27 14:25:33,473 INFO busca area=manutencao_predial termo='manutenção predial preventiva e corretiva' pagina=1 itens=100 ultima_data=2021-12-06T07:01:26.138866
2026-09-27 14:25:33,628 WARNING falha de rede (ProxyError) em https://pncp.gov.br/api/search/; tentativa 1/6, esperando 2s
2026-09-27 14:25:36,938 INFO busca area=manutencao_predial termo='manutenção predial com fornecimento de materiais' pagina=1 itens=89 ultima_data=2021-12-06T07:01:26.138866
2026-09-27 14:25:37,103 WARNING falha de rede (ProxyError) em https://pncp.gov.br/api/search/; tentativa 1/6, esperando 2s
2026-09-27 14:25:39,615 WARNING falha de rede (ProxyError) em https://pncp.gov.br/api/search/; tentativa 2/6, esperando 4s
2026-09-27 14:25:44,112 WARNING falha de rede (ProxyError) em https://pncp.gov.br/api/search/; tentativa 3/6, esperando 8s
2026-09-27 14:25:53,118 INFO busca area=manutencao_predial termo='serviços de manutenção predial elétrica hidráulica' pagina=1 itens=42 ultima_data=2023-01-27T10:30:18.209716
2026-09-27 14:25:53,283 WARNING falha de rede (ProxyError) em https://pncp.gov.br/api/search/; tentativa 1/6, esperando 2s
2026-09-27 14:25:56,081 INFO busca area=iluminacao_publica termo='manutenção do parque de iluminação pública' pagina=1 itens=19 ultima_data=2024-07-02T10:39:40.426337
2026-09-27 14:25:56,449 WARNING falha de rede (ProxyError) em https://pncp.gov.br/api/search/; tentativa 1/6, esperando 2s
2026-09-27 14:25:59,804 INFO busca area=iluminacao_publica termo='manutenção preventiva e corretiva iluminação pública' pagina=1 itens=75 ultima_data=2023-04-24T10:11:14.760331
2026-09-27 14:25:59,969 WARNING falha de rede (ProxyError) em https://pncp.gov.br/api/search/; tentativa 1/6, esperando 2s
2026-09-27 14:26:02,487 WARNING falha de rede (ProxyError) em https://pncp.gov.br/api/search/; tentativa 2/6, esperando 4s
2026-09-27 14:26:07,125 WARNING falha de rede (ProxyError) em https://pncp.gov.br/api/search/; tentativa 3/6, esperando 8s
2026-09-27 14:26:15,624 WARNING falha de rede (ProxyError) em https://pncp.gov.br/api/search/; tentativa 4/6, esperando 16s
2026-09-27 14:26:32,446 WARNING falha de rede (ProxyError) em https://pncp.gov.br/api/search/; tentativa 5/6, esperando 30s
2026-09-27 14:27:04,417 INFO busca area=iluminacao_publica termo='serviços de manutenção de iluminação pública com fornecimento de materiais' pagina=1 itens=62 ultima_data=2024-04-23T18:27:49.955135
2026-09-27 14:27:06,647 INFO busca area=iluminacao_publica termo='manutenção da rede de iluminação pública' pagina=1 itens=100 ultima_data=2025-09-04T08:54:46.061636
2026-09-27 14:27:06,809 WARNING falha de rede (ProxyError) em https://pncp.gov.br/api/search/; tentativa 1/6, esperando 2s
2026-09-27 14:27:10,364 INFO busca area=iluminacao_publica termo='manutenção da rede de iluminação pública' pagina=2 itens=83 ultima_data=2022-07-06T00:24:48.669523
2026-09-27 14:27:10,520 WARNING falha de rede (ProxyError) em https://pncp.gov.br/api/search/; tentativa 1/6, esperando 2s
2026-09-27 14:27:13,056 WARNING falha de rede (ProxyError) em https://pncp.gov.br/api/search/; tentativa 2/6, esperando 4s
2026-09-27 14:27:17,920 WARNING falha de rede (ProxyError) em https://pncp.gov.br/api/search/; tentativa 3/6, esperando 8s
2026-09-27 14:27:26,418 WARNING falha de rede (ProxyError) em https://pncp.gov.br/api/search/; tentativa 4/6, esperando 16s
2026-09-27 14:27:43,152 WARNING falha de rede (ProxyError) em https://pncp.gov.br/api/search/; tentativa 5/6, esperando 30s
2026-09-27 14:28:24,494 WARNING falha de rede (ConnectionError) em https://pncp.gov.br/api/search/; tentativa 6/6, esperando 60s
2026-09-27 14:29:25,204 ERROR falha de rede definitiva em https://pncp.gov.br/api/search/: HTTPSConnectionPool(host='pncp.gov.br', port=443): Max retries exceeded with url: /api/search/?q=amplia%C3%A7%C3%A3o+e+manuten%C3%A7%C3%A3o+de+ilumina%C3%A7%C3%A3o+p%C3%BAblica&tipos_documento=edital&ordenacao=-data&pagina=1&tam_pagina=100&status=encerradas&ufs=GO (Caused by ProxyError('Unable to connect to proxy', RemoteDisconnected('Remote end closed connection without response')))
2026-09-27 14:29:25,205 WARNING busca sem resultado utilizavel: area=iluminacao_publica termo='ampliação e manutenção de iluminação pública' pagina=1
2026-09-27 14:29:26,491 INFO busca area=iluminacao_publica termo='caminhão cesto aéreo iluminação pública' pagina=1 itens=34 ultima_data=2024-01-03T15:45:57.338764
2026-09-27 14:29:26,596 INFO compras ja existentes em W/compras (main coletor + rodadas anteriores): 495
2026-09-27 14:29:26,723 INFO selecao area=eletrica_predial: 51 aceitos, 44 novos (fora de W/compras), 25 selecionados (cap 25)
2026-09-27 14:29:26,745 INFO selecao area=refrigeracao: 2 aceitos, 1 novos (fora de W/compras), 1 selecionados (cap 25)
2026-09-27 14:29:26,751 INFO selecao area=manutencao_predial: 14 aceitos, 14 novos (fora de W/compras), 14 selecionados (cap 25)
2026-09-27 14:29:26,760 INFO selecao area=iluminacao_publica: 1 aceitos, 1 novos (fora de W/compras), 1 selecionados (cap 25)
2026-09-27 14:29:26,760 INFO === FASE C: detalhe das compras novas ===
2026-09-27 14:29:26,761 INFO [1/40] detalhando compra NOVA cnpj=01067081000100 ano=2025 seq=3 areas=['eletrica_predial']
2026-09-27 14:29:48,946 INFO [2/40] detalhando compra NOVA cnpj=01302603000100 ano=2026 seq=114 areas=['eletrica_predial']
2026-09-27 14:30:11,954 INFO [3/40] detalhando compra NOVA cnpj=01541283000141 ano=2026 seq=22 areas=['eletrica_predial']
2026-09-27 14:30:16,944 INFO [4/40] detalhando compra NOVA cnpj=00508903000188 ano=2026 seq=1432 areas=['eletrica_predial']
2026-09-27 14:30:28,950 INFO [5/40] detalhando compra NOVA cnpj=11877880000103 ano=2026 seq=34 areas=['eletrica_predial']
2026-09-27 14:30:36,092 INFO [6/40] detalhando compra NOVA cnpj=01165729000180 ano=2026 seq=264 areas=['eletrica_predial']
2026-09-27 14:30:39,950 INFO [7/40] detalhando compra NOVA cnpj=13842783000100 ano=2026 seq=15 areas=['eletrica_predial']
2026-09-27 14:30:43,955 INFO [8/40] detalhando compra NOVA cnpj=02316487000141 ano=2026 seq=21 areas=['eletrica_predial']
2026-09-27 14:31:07,526 INFO [9/40] detalhando compra NOVA cnpj=01788082000143 ano=2026 seq=24 areas=['eletrica_predial']
2026-09-27 14:31:11,530 INFO [10/40] detalhando compra NOVA cnpj=01005727000124 ano=2026 seq=158 areas=['eletrica_predial']
2026-09-27 14:31:15,571 INFO [11/40] detalhando compra NOVA cnpj=01787506000155 ano=2026 seq=103 areas=['eletrica_predial', 'manutencao_predial']
2026-09-27 14:31:39,720 INFO [12/40] detalhando compra NOVA cnpj=11809185000104 ano=2026 seq=22 areas=['eletrica_predial']
2026-09-27 14:31:43,932 INFO [13/40] detalhando compra NOVA cnpj=01409580000138 ano=2026 seq=764 areas=['eletrica_predial']
2026-09-27 14:31:47,826 INFO [14/40] detalhando compra NOVA cnpj=02321891000103 ano=2026 seq=82 areas=['eletrica_predial']
2026-09-27 14:32:10,729 INFO [15/40] detalhando compra NOVA cnpj=14627173000149 ano=2026 seq=15 areas=['eletrica_predial']
2026-09-27 14:32:22,012 INFO [16/40] detalhando compra NOVA cnpj=01485531000184 ano=2026 seq=29 areas=['eletrica_predial']
2026-09-27 14:32:50,600 INFO [17/40] detalhando compra NOVA cnpj=01740463000152 ano=2026 seq=104 areas=['eletrica_predial']
2026-09-27 14:32:54,594 INFO [18/40] detalhando compra NOVA cnpj=02218683000183 ano=2026 seq=155 areas=['eletrica_predial']
2026-09-27 14:32:58,598 INFO [19/40] detalhando compra NOVA cnpj=02218683000183 ano=2026 seq=154 areas=['eletrica_predial']
2026-09-27 14:33:02,597 INFO [20/40] detalhando compra NOVA cnpj=01493998000176 ano=2026 seq=123 areas=['eletrica_predial']
2026-09-27 14:33:12,608 INFO [21/40] detalhando compra NOVA cnpj=08654446000141 ano=2026 seq=9 areas=['eletrica_predial']
2026-09-27 14:33:17,602 INFO [22/40] detalhando compra NOVA cnpj=01613940000119 ano=2026 seq=45 areas=['eletrica_predial']
2026-09-27 14:33:22,614 INFO [23/40] detalhando compra NOVA cnpj=01815216000178 ano=2025 seq=259 areas=['eletrica_predial']
2026-09-27 14:33:26,598 INFO [24/40] detalhando compra NOVA cnpj=01613940000119 ano=2026 seq=11 areas=['eletrica_predial']
2026-09-27 14:33:31,620 INFO [25/40] detalhando compra NOVA cnpj=01815216000178 ano=2025 seq=177 areas=['eletrica_predial']
2026-09-27 14:33:54,613 INFO [26/40] detalhando compra NOVA cnpj=01005727000124 ano=2026 seq=21 areas=['refrigeracao']
2026-09-27 14:34:02,610 INFO [27/40] detalhando compra NOVA cnpj=01541283000141 ano=2026 seq=21 areas=['manutencao_predial']
2026-09-27 14:34:06,616 INFO [28/40] detalhando compra NOVA cnpj=01409580000138 ano=2025 seq=3537 areas=['manutencao_predial']
2026-09-27 14:34:10,753 INFO [29/40] detalhando compra NOVA cnpj=01409580000138 ano=2025 seq=3467 areas=['manutencao_predial']
2026-09-27 14:34:14,741 INFO [30/40] detalhando compra NOVA cnpj=01619022000105 ano=2026 seq=8 areas=['manutencao_predial']
2026-09-27 14:34:19,615 INFO [31/40] detalhando compra NOVA cnpj=50563382000130 ano=2026 seq=20 areas=['manutencao_predial']
2026-09-27 14:34:23,612 INFO [32/40] detalhando compra NOVA cnpj=00509018000113 ano=2025 seq=2719 areas=['manutencao_predial']
2026-09-27 14:34:33,620 INFO [33/40] detalhando compra NOVA cnpj=00509018000113 ano=2025 seq=1577 areas=['manutencao_predial']
2026-09-27 14:34:38,629 INFO [34/40] detalhando compra NOVA cnpj=25107525000151 ano=2025 seq=160 areas=['manutencao_predial']
2026-09-27 14:34:45,633 INFO [35/40] detalhando compra NOVA cnpj=00509018000113 ano=2025 seq=1112 areas=['manutencao_predial']
2026-09-27 14:34:50,624 INFO [36/40] detalhando compra NOVA cnpj=37426889000183 ano=2025 seq=4 areas=['manutencao_predial']
2026-09-27 14:34:54,622 INFO [37/40] detalhando compra NOVA cnpj=25105255000140 ano=2025 seq=21 areas=['manutencao_predial']
2026-09-27 14:35:18,150 INFO [38/40] detalhando compra NOVA cnpj=50563382000130 ano=2024 seq=184 areas=['manutencao_predial']
2026-09-27 14:35:22,142 INFO [39/40] detalhando compra NOVA cnpj=50563382000130 ano=2024 seq=182 areas=['manutencao_predial']
2026-09-27 14:35:26,137 INFO [40/40] detalhando compra NOVA cnpj=01345909000144 ano=2026 seq=113 areas=['iluminacao_publica']
2026-09-27 14:35:30,150 INFO === FASE D: textos dos editais/TR (casos novos) ===
2026-09-27 14:35:30,152 INFO baixando doc areas=['eletrica_predial'] cnpj=01067081000100 ano=2025 seq=3 titulo='EDITAL Pregão Eletrônico 008-2025'
2026-09-27 14:35:35,676 INFO baixando doc areas=['eletrica_predial'] cnpj=01302603000100 ano=2026 seq=114 titulo='EDITAL'
2026-09-27 14:35:39,883 INFO baixando doc areas=['eletrica_predial'] cnpj=01541283000141 ano=2026 seq=22 titulo='Termo de Referencia.pdf'
2026-09-27 14:35:42,270 INFO baixando doc areas=['eletrica_predial'] cnpj=00508903000188 ano=2026 seq=1432 titulo='SEI - 0005670-18.2025.4.01.8006 tr mat eletr.pdf'
2026-09-27 14:35:47,263 INFO baixando doc areas=['eletrica_predial'] cnpj=11877880000103 ano=2026 seq=34 titulo='3 - TERMO DE REFERÊNCIA  - PROCESSO 2075-2026'
2026-09-27 14:35:49,213 INFO baixando doc areas=['eletrica_predial'] cnpj=01165729000180 ano=2026 seq=264 titulo='11_-_EDITAL.pdf'
2026-09-27 14:35:54,599 INFO baixando doc areas=['eletrica_predial'] cnpj=13842783000100 ano=2026 seq=15 titulo='EDITAL - CONCORRENCIA - NUMERO 005-2026 - FMAS - PROCESSO N? 1441'
2026-09-27 14:36:02,522 INFO baixando doc areas=['eletrica_predial'] cnpj=02316487000141 ano=2026 seq=21 titulo='Edital'
2026-09-27 14:36:09,361 INFO baixando doc areas=['eletrica_predial'] cnpj=01788082000143 ano=2026 seq=24 titulo='EDITAL'
2026-09-27 14:36:15,306 INFO baixando doc areas=['eletrica_predial'] cnpj=01005727000124 ano=2026 seq=158 titulo='EDITAL MANUTENCAO.pdf'
2026-09-27 14:36:23,608 INFO baixando doc areas=['eletrica_predial', 'manutencao_predial'] cnpj=01787506000155 ano=2026 seq=103 titulo='edital'
2026-09-27 14:36:32,536 INFO baixando doc areas=['eletrica_predial'] cnpj=11809185000104 ano=2026 seq=22 titulo='Edital'
2026-09-27 14:36:41,075 INFO baixando doc areas=['eletrica_predial'] cnpj=01409580000138 ano=2026 seq=764 titulo='Termo de Referência'
2026-09-27 14:36:43,854 INFO baixando doc areas=['eletrica_predial'] cnpj=02321891000103 ano=2026 seq=82 titulo='Certidão de Publicação 15924'
2026-09-27 14:36:44,802 INFO baixando doc areas=['eletrica_predial'] cnpj=14627173000149 ano=2026 seq=15 titulo='EDITAL CE 007-26 - REFORMA CRAS'
2026-09-27 14:36:46,942 INFO baixando doc areas=['eletrica_predial'] cnpj=01485531000184 ano=2026 seq=29 titulo='Termo de Referência'
2026-09-27 14:36:52,295 INFO baixando doc areas=['eletrica_predial'] cnpj=01740463000152 ano=2026 seq=104 titulo='EDITAL'
2026-09-27 14:36:56,240 INFO baixando doc areas=['eletrica_predial'] cnpj=02218683000183 ano=2026 seq=155 titulo='edital'
2026-09-27 14:37:01,724 INFO baixando doc areas=['eletrica_predial'] cnpj=02218683000183 ano=2026 seq=154 titulo='EDITAL'
2026-09-27 14:37:06,911 INFO baixando doc areas=['eletrica_predial'] cnpj=01493998000176 ano=2026 seq=123 titulo='EDITAL'
2026-09-27 14:37:11,687 INFO baixando doc areas=['eletrica_predial'] cnpj=08654446000141 ano=2026 seq=9 titulo='EDITAL - Pregao Eletronico - 004-2026 - LOCAÇAO VEICULOS - FMS'
2026-09-27 14:37:15,834 INFO baixando doc areas=['eletrica_predial'] cnpj=01613940000119 ano=2026 seq=45 titulo='EDITAL - Pregao Eletronico - 010-2026 - LOCAÇAO DE ONIBUS'
2026-09-27 14:37:19,713 INFO baixando doc areas=['eletrica_predial'] cnpj=01815216000178 ano=2025 seq=259 titulo='Edital_Geradores__SRP__PE_072'
2026-09-27 14:37:26,048 INFO baixando doc areas=['eletrica_predial'] cnpj=01613940000119 ano=2026 seq=11 titulo='edital'
2026-09-27 14:37:26,991 INFO baixando doc areas=['eletrica_predial'] cnpj=01815216000178 ano=2025 seq=177 titulo='Edital_manuteno_e_peas_Lei_14133___PE_037'
2026-09-27 14:37:35,416 INFO baixando doc areas=['refrigeracao'] cnpj=01005727000124 ano=2026 seq=21 titulo='Edital-1005727000124-1086402.pdf'
2026-09-27 14:37:44,005 INFO baixando doc areas=['manutencao_predial'] cnpj=01541283000141 ano=2026 seq=21 titulo='Termo de Referencia.pdf'
2026-09-27 14:37:46,993 INFO baixando doc areas=['manutencao_predial'] cnpj=01409580000138 ano=2025 seq=3537 titulo='Edital'
2026-09-27 14:37:50,362 INFO baixando doc areas=['manutencao_predial'] cnpj=01409580000138 ano=2025 seq=3467 titulo='288459'
2026-09-27 14:37:53,546 INFO baixando doc areas=['manutencao_predial'] cnpj=01619022000105 ano=2026 seq=8 titulo='38942205900012026001'
2026-09-27 14:37:56,713 INFO baixando doc areas=['manutencao_predial'] cnpj=50563382000130 ano=2026 seq=20 titulo='Edital'
2026-09-27 14:38:05,995 INFO baixando doc areas=['manutencao_predial'] cnpj=00509018000113 ano=2025 seq=2719 titulo='07002305900362025000'
2026-09-27 14:38:10,069 INFO baixando doc areas=['manutencao_predial'] cnpj=00509018000113 ano=2025 seq=1577 titulo='07002305900262025000'
2026-09-27 14:38:14,465 INFO baixando doc areas=['manutencao_predial'] cnpj=25107525000151 ano=2025 seq=160 titulo='PNCP_-_TERMO_DE_REFERENCIA_ADESAO.pdf'
2026-09-27 14:38:16,370 INFO baixando doc areas=['manutencao_predial'] cnpj=00509018000113 ano=2025 seq=1112 titulo='07002305900182025000'
2026-09-27 14:38:22,352 INFO baixando doc areas=['manutencao_predial'] cnpj=37426889000183 ano=2025 seq=4 titulo='PNCP_-_TERMO_DE_REFERENCIA_ADESAO.pdf'
2026-09-27 14:38:29,890 INFO baixando doc areas=['manutencao_predial'] cnpj=25105255000140 ano=2025 seq=21 titulo='TERMO DE REFERENCIA'
2026-09-27 14:38:34,750 INFO baixando doc areas=['manutencao_predial'] cnpj=50563382000130 ano=2024 seq=184 titulo='Edital'
2026-09-27 14:38:41,450 INFO baixando doc areas=['manutencao_predial'] cnpj=50563382000130 ano=2024 seq=182 titulo='Edital'
2026-09-27 14:38:46,265 INFO baixando doc areas=['iluminacao_publica'] cnpj=01345909000144 ano=2026 seq=113 titulo='Edital_TR_e_Anexos__P._E._N_0062026__Prest_Serv_Ilum_Pb_Automatizado'
2026-09-27 14:38:51,932 INFO === COLETA SUPLEMENTAR CONCLUIDA ===
2026-09-27 14:38:51,933 INFO stats finais: {"inicio": "2026-09-27T14:21:14.359450+00:00", "fim": "2026-09-27T14:38:51.932462+00:00", "http_requests": 497, "http_429": 0, "http_erros_definitivos": 2, "hits_por_termo": {"eletrica_predial|manutenção preventiva e corretiva instalações elétricas": 250, "eletrica_predial|prestação de serviços manutenção elétrica": 500, "eletrica_predial|manutenção do sistema de proteção contra descargas atmosféricas": 13, "eletrica_predial|SPDA laudo": 21, "eletrica_predial|SPDA instalação": 46, "eletrica_predial|aterramento manutenção": 273, "eletrica_predial|manutenção de subestação": 24, "eletrica_predial|manutenção preventiva subestação": 8, "eletrica_predial|termografia": 15, "eletrica_predial|laudo elétrico NR-10": 12, "eletrica_predial|adequação elétrica": 500, "eletrica_predial|manutenção de quadros elétricos": 492, "eletrica_predial|manutenção de grupo gerador": 176, "refrigeracao|manutenção câmara fria": 259, "refrigeracao|manutenção de câmaras frigoríficas": 25, "refrigeracao|manutenção de bebedouros": 400, "refrigeracao|manutenção de refrigeradores": 200, "refrigeracao|manutenção freezers": 27, "refrigeracao|manutenção balcão refrigerado": 23, "refrigeracao|manutenção de equipamentos de cozinha industrial refrigeração": 44, "manutencao_predial|manutenção predial preventiva e corretiva": 100, "manutencao_predial|manutenção predial com fornecimento de materiais": 89, "manutencao_predial|serviços de manutenção predial elétrica hidráulica": 42, "iluminacao_publica|manutenção do parque de iluminação pública": 19, "iluminacao_publica|manutenção preventiva e corretiva iluminação pública": 75, "iluminacao_publica|serviços de manutenção de iluminação pública com fornecimento de materiais": 62, "iluminacao_publica|manutenção da rede de iluminação pública": 183, "iluminacao_publica|ampliação e manutenção de iluminação pública": 0, "iluminacao_publica|caminhão cesto aéreo iluminação pública": 34}, "hits_dedup_por_area": {"eletrica_predial": 1801, "refrigeracao": 796, "manutencao_predial": 176, "iluminacao_publica": 280}, "candidatos_aceitos_por_area": {"eletrica_predial": 51, "refrigeracao": 2, "manutencao_predial": 14, "iluminacao_publica": 1}, "candidatos_novos_por_area": {"eletrica_predial": 44, "refrigeracao": 1, "manutencao_predial": 14, "iluminacao_publica": 1}, "candidatos_novos_selecionados_por_area": {"eletrica_predial": 25, "refrigeracao": 1, "manutencao_predial": 14, "iluminacao_publica": 1}, "eletrica_diversidade": {"disponiveis_spda": 0, "disponiveis_subestacao": 1, "disponiveis_outros": 43, "selecionados_spda": 0, "selecionados_subestacao": 1}, "iluminacao_led_modernizacao": 0, "compras_detalhadas": 40, "compras_ja_existentes_puladas": 0, "compras_com_erro": 0, "itens_total": 705, "resultados_total": 230, "textos_baixados_por_area": {"eletrica_predial": 25, "manutencao_predial": 14, "refrigeracao": 1, "iluminacao_publica": 1}, "textos_falhas": 0}
